.globl main
main:
li $t1, 0
li $t2, 100
Label_No_1:
bgt $t1, $t2, Label_No_2
move $t3 $t1
move $a0 $t3
li $v0, 1
syscall
addi $t1, $t1, 1
j Label_No_1
Label_No_2:
li $v0, 10
syscall
